// Jest Snapshot v1, https://jestjs.io/docs/snapshot-testing

exports[`AdminHeader matches snapshot 1`] = `
<div>
  <a
    class="sr-only focus:not-sr-only focus:absolute focus:top-2 focus:left-2 focus:z-50 focus:rounded focus:bg-primary focus:text-primary-foreground focus:p-2 focus:outline-none focus:ring"
    href="#main"
  >
    Skip to main content
  </a>
  <header
    class="sticky top-0 z-40 h-14 px-4 flex items-center gap-2 border-b pt-[env(safe-area-inset-top)] backdrop-blur supports-[backdrop-filter]:bg-white/70 dark:supports-[backdrop-filter]:bg-zinc-900/70"
    role="banner"
  >
    <div
      class="flex flex-wrap items-center justify-between gap-2 sm:gap-4 w-full"
    >
      <button
        class="sr-only"
        type="button"
      >
        Open command palette
      </button>
      <div
        class="flex items-center flex-1 min-w-0"
      >
        <button
          aria-controls="admin-sidebar"
          aria-expanded="false"
          aria-label="Open sidebar"
          class="inline-flex items-center justify-center gap-2 whitespace-nowrap text-sm font-medium ring-offset-background transition-colors focus-visible:ring-ring disabled:pointer-events-none disabled:opacity-50 [&_svg]:pointer-events-none [&_svg]:size-4 [&_svg]:shrink-0 hover:bg-accent hover:text-accent-foreground h-9 lg:hidden min-h-11 px-4 rounded-lg focus-visible:outline-none focus-visible:ring-2 focus-visible:ring-offset-2"
        >
          <svg
            aria-hidden="true"
            class="lucide lucide-menu h-5 w-5"
            fill="none"
            height="24"
            stroke="currentColor"
            stroke-linecap="round"
            stroke-linejoin="round"
            stroke-width="2"
            viewBox="0 0 24 24"
            width="24"
            xmlns="http://www.w3.org/2000/svg"
          >
            <line
              x1="4"
              x2="20"
              y1="12"
              y2="12"
            />
            <line
              x1="4"
              x2="20"
              y1="6"
              y2="6"
            />
            <line
              x1="4"
              x2="20"
              y1="18"
              y2="18"
            />
          </svg>
        </button>
        <div
          aria-hidden="true"
          class="mx-4 h-10 w-px bg-gray-200 dark:bg-gray-700 hidden sm:block"
        />
        <h1
          class="text-xl font-bold bg-gradient-to-r from-purple-600 to-blue-600 bg-clip-text text-transparent whitespace-nowrap forced-colors:text-current"
        >
          Flavor Studios Admin
        </h1>
      </div>
      <div
        class="flex flex-wrap items-center gap-2 sm:gap-4"
      >
        <button
          aria-label="Search"
          class="inline-flex items-center justify-center gap-2 whitespace-nowrap rounded-md ring-offset-background focus-visible:outline-none focus-visible:ring-2 focus-visible:ring-ring focus-visible:ring-offset-2 disabled:pointer-events-none disabled:opacity-50 [&_svg]:pointer-events-none [&_svg]:size-4 [&_svg]:shrink-0 hover:bg-accent h-10 w-10 text-sm font-medium transition-colors hover:text-blue-600"
        >
          <svg
            class="lucide lucide-search h-5 w-5"
            fill="none"
            height="24"
            stroke="currentColor"
            stroke-linecap="round"
            stroke-linejoin="round"
            stroke-width="2"
            viewBox="0 0 24 24"
            width="24"
            xmlns="http://www.w3.org/2000/svg"
          >
            <circle
              cx="11"
              cy="11"
              r="8"
            />
            <path
              d="m21 21-4.3-4.3"
            />
          </svg>
        </button>
        <button
          aria-label="Open live site in a new tab"
          class="justify-center whitespace-nowrap text-sm font-medium ring-offset-background transition-colors focus-visible:ring-ring disabled:pointer-events-none disabled:opacity-50 [&_svg]:pointer-events-none [&_svg]:size-4 [&_svg]:shrink-0 border border-input bg-background hover:bg-accent hover:text-accent-foreground h-9 hidden md:flex items-center gap-2 min-h-11 px-4 rounded-lg focus-visible:outline-none focus-visible:ring-2 focus-visible:ring-offset-2"
        >
          <svg
            aria-hidden="true"
            class="lucide lucide-external-link h-4 w-4"
            fill="none"
            height="24"
            stroke="currentColor"
            stroke-linecap="round"
            stroke-linejoin="round"
            stroke-width="2"
            viewBox="0 0 24 24"
            width="24"
            xmlns="http://www.w3.org/2000/svg"
          >
            <path
              d="M15 3h6v6"
            />
            <path
              d="M10 14 21 3"
            />
            <path
              d="M18 13v6a2 2 0 0 1-2 2H5a2 2 0 0 1-2-2V8a2 2 0 0 1 2-2h6"
            />
          </svg>
          View Site
        </button>
        <button
          aria-expanded="false"
          aria-haspopup="menu"
          aria-label="Quick actions"
          class="inline-flex items-center justify-center whitespace-nowrap text-sm font-medium ring-offset-background transition-colors focus-visible:outline-none focus-visible:ring-2 focus-visible:ring-ring focus-visible:ring-offset-2 disabled:pointer-events-none disabled:opacity-50 [&_svg]:pointer-events-none [&_svg]:size-4 [&_svg]:shrink-0 bg-primary text-primary-foreground hover:bg-primary/90 h-9 rounded-md px-3 gap-2"
          data-state="closed"
          id="radix-«r0»"
          type="button"
        >
          <svg
            aria-hidden="true"
            class="lucide lucide-plus h-4 w-4"
            fill="none"
            height="24"
            stroke="currentColor"
            stroke-linecap="round"
            stroke-linejoin="round"
            stroke-width="2"
            viewBox="0 0 24 24"
            width="24"
            xmlns="http://www.w3.org/2000/svg"
          >
            <path
              d="M5 12h14"
            />
            <path
              d="M12 5v14"
            />
          </svg>
          <span
            class="hidden sm:inline"
          >
            New
          </span>
        </button>
        <div
          class="relative"
        >
          <button
            aria-expanded="false"
            aria-haspopup="dialog"
            aria-label="Notifications"
            class="inline-flex items-center justify-center gap-2 whitespace-nowrap text-sm font-medium ring-offset-background transition-colors focus-visible:outline-none focus-visible:ring-offset-2 disabled:pointer-events-none disabled:opacity-50 [&_svg]:pointer-events-none [&_svg]:size-4 [&_svg]:shrink-0 hover:bg-accent hover:text-accent-foreground px-3 relative h-11 w-11 rounded-full focus:outline-none focus-visible:ring-2 focus-visible:ring-ring"
            type="button"
          >
            <svg
              class="lucide lucide-bell h-5 w-5"
              fill="none"
              height="24"
              stroke="currentColor"
              stroke-linecap="round"
              stroke-linejoin="round"
              stroke-width="2"
              viewBox="0 0 24 24"
              width="24"
              xmlns="http://www.w3.org/2000/svg"
            >
              <path
                d="M6 8a6 6 0 0 1 12 0c0 7 3 9 3 9H3s3-2 3-9"
              />
              <path
                d="M10.3 21a1.94 1.94 0 0 0 3.4 0"
              />
            </svg>
          </button>
        </div>
        <div
          class="flex items-center gap-3"
        >
          <span
            class="relative flex shrink-0 overflow-hidden rounded-full h-8 w-8"
          >
            <span
              class="flex h-full w-full items-center justify-center rounded-full bg-muted bg-gradient-to-br from-purple-600 to-blue-600 text-white text-sm"
            >
              FS
            </span>
          </span>
          <div
            class="hidden md:block"
          >
            <p
              class="text-sm font-medium text-foreground"
            >
              Admin
            </p>
            <p
              class="text-xs text-muted-foreground"
            >
              Flavor Studios
            </p>
          </div>
        </div>
        <button
          aria-label="Toggle theme"
          aria-pressed="false"
          class="inline-flex items-center justify-center gap-2 whitespace-nowrap text-sm font-medium ring-offset-background transition-colors focus-visible:outline-none focus-visible:ring-2 focus-visible:ring-ring focus-visible:ring-offset-2 disabled:pointer-events-none disabled:opacity-50 [&_svg]:pointer-events-none [&_svg]:size-4 [&_svg]:shrink-0 hover:bg-accent hover:text-accent-foreground h-9 rounded-md px-3 focus:outline-none focus:ring"
          title="Toggle theme (currently light)"
          type="button"
        >
          <svg
            aria-hidden="true"
            class="lucide lucide-moon h-4 w-4"
            fill="none"
            height="24"
            stroke="currentColor"
            stroke-linecap="round"
            stroke-linejoin="round"
            stroke-width="2"
            viewBox="0 0 24 24"
            width="24"
            xmlns="http://www.w3.org/2000/svg"
          >
            <path
              d="M12 3a6 6 0 0 0 9 9 9 9 0 1 1-9-9Z"
            />
          </svg>
          <span
            class="sr-only"
          >
            Switch to 
            dark
             theme
          </span>
        </button>
        <button
          aria-label="Logout"
          class="inline-flex items-center justify-center gap-2 whitespace-nowrap text-sm font-medium ring-offset-background transition-colors focus-visible:ring-ring disabled:pointer-events-none disabled:opacity-50 [&_svg]:pointer-events-none [&_svg]:size-4 [&_svg]:shrink-0 hover:bg-accent h-9 text-red-600 hover:text-red-700 min-h-11 px-4 rounded-lg focus-visible:outline-none focus-visible:ring-2 focus-visible:ring-offset-2"
        >
          <svg
            aria-hidden="true"
            class="lucide lucide-log-out h-4 w-4"
            fill="none"
            height="24"
            stroke="currentColor"
            stroke-linecap="round"
            stroke-linejoin="round"
            stroke-width="2"
            viewBox="0 0 24 24"
            width="24"
            xmlns="http://www.w3.org/2000/svg"
          >
            <path
              d="M9 21H5a2 2 0 0 1-2-2V5a2 2 0 0 1 2-2h4"
            />
            <polyline
              points="16 17 21 12 16 7"
            />
            <line
              x1="21"
              x2="9"
              y1="12"
              y2="12"
            />
          </svg>
        </button>
      </div>
    </div>
  </header>
</div>
`;
